20:07:10 **** Incremental Build of configuration Debug for project Buttons and Switches ****
make -j20 all 
arm-none-eabi-gcc "../Core/Src/button.c" -mcpu=cortex-m3 -std=gnu11 -g3 -DDEBUG -DUSE_HAL_DRIVER -DSTM32F103x6 -c -I../Core/Inc -I../Drivers/STM32F1xx_HAL_Driver/Inc -I../Drivers/STM32F1xx_HAL_Driver/Inc/Legacy -I../Drivers/CMSIS/Device/ST/STM32F1xx/Include -I../Drivers/CMSIS/Include -O0 -ffunction-sections -fdata-sections -Wall -fstack-usage -MMD -MP -MF"Core/Src/button.d" -MT"Core/Src/button.o" --specs=nano.specs -mfloat-abi=soft -mthumb -o "Core/Src/button.o"
arm-none-eabi-gcc -o "Buttons and Switches.elf" @"objects.list"   -mcpu=cortex-m3 -T"C:\Users\ADMIN\OneDrive\Documents\LABSTM32\REPORT_MCU_HCMUT\Buttons and Switches\Buttons and Switches\STM32F103C6TX_FLASH.ld" --specs=nosys.specs -Wl,-Map="Buttons and Switches.map" -Wl,--gc-sections -static --specs=nano.specs -mfloat-abi=soft -mthumb -Wl,--start-group -lc -lm -Wl,--end-group
Finished building target: Buttons and Switches.elf
 
arm-none-eabi-size   Buttons\ and\ Switches.elf 
arm-none-eabi-objdump -h -S  Buttons\ and\ Switches.elf  > "Buttons and Switches.list"
arm-none-eabi-objcopy  -O ihex  Buttons\ and\ Switches.elf  "Buttons and Switches.hex"
   text	   data	    bss	    dec	    hex	filename
   7184	     40	   1648	   8872	   22a8	Buttons and Switches.elf
arm-none-eabi-objcopy  -O binary  Buttons\ and\ Switches.elf  "Buttons and Switches.bin"
Finished building: default.size.stdout
 
Finished building: Buttons and Switches.hex
Finished building: Buttons and Switches.bin
Finished building: Buttons and Switches.list
 
 
 
